Archive member included because of file (symbol)

irq/irq_code.a(irq_timer1.o)  testLedMatrix.o (ledMatrix)
startup/libea_startup_thumb.a(consol.o)
                              testAdc.o (consolSendNumber)
startup/libea_startup_thumb.a(framework.o)
                              main.o (eaInit)
startup/libea_startup_thumb.a(startup.o)
                              (_startup)
pre_emptive_os/pre_emptive_os.a(kernel.o)
                              main.o (osInit)
pre_emptive_os/pre_emptive_os.a(prioqueue.o)
                              pre_emptive_os/pre_emptive_os.a(kernel.o) (initPrioQueue)
pre_emptive_os/pre_emptive_os.a(timer.o)
                              pre_emptive_os/pre_emptive_os.a(kernel.o) (timerTick)
pre_emptive_os/pre_emptive_os.a(stack_usage.o)
                              pre_emptive_os/pre_emptive_os.a(kernel.o) (createStackPattern)
pre_emptive_os/pre_emptive_os.a(a7hal.o)
                              pre_emptive_os/pre_emptive_os.a(kernel.o) (stkFrameInit_oshal)
pre_emptive_os/pre_emptive_os.a(a7hal_a.o)
                              pre_emptive_os/pre_emptive_os.a(kernel.o) (startHighProc_oshal)
pre_emptive_os/pre_emptive_os.a(count_sem.o)
                              pre_emptive_os/pre_emptive_os.a(timer.o) (osSemInit)
pre_emptive_os/pre_emptive_os.a(event.o)
                              pre_emptive_os/pre_emptive_os.a(count_sem.o) (eventInit)
/cygdrive/c/Embedded/GNUARM/bin/../lib/gcc/arm-elf/4.1.1/interwork/libgcc.a(_udivsi3.o)
                              startup/libea_startup_thumb.a(consol.o) (__udivsi3)
/cygdrive/c/Embedded/GNUARM/bin/../lib/gcc/arm-elf/4.1.1/interwork/libgcc.a(_divsi3.o)
                              pre_emptive_os/pre_emptive_os.a(stack_usage.o) (__divsi3)
/cygdrive/c/Embedded/GNUARM/bin/../lib/gcc/arm-elf/4.1.1/interwork/libgcc.a(_umodsi3.o)
                              startup/libea_startup_thumb.a(consol.o) (__umodsi3)
/cygdrive/c/Embedded/GNUARM/bin/../lib/gcc/arm-elf/4.1.1/interwork/libgcc.a(_dvmd_tls.o)
                              /cygdrive/c/Embedded/GNUARM/bin/../lib/gcc/arm-elf/4.1.1/interwork/libgcc.a(_udivsi3.o) (__div0)
/cygdrive/c/Embedded/GNUARM/bin/../lib/gcc/arm-elf/4.1.1/interwork/libgcc.a(_call_via_rX.o)
                              pre_emptive_os/pre_emptive_os.a(timer.o) (_call_via_r4)
/cygdrive/c/Embedded/GNUARM/bin/../lib/gcc/arm-elf/4.1.1/../../../../arm-elf/lib/interwork/libc.a(atoi.o)
                              startup/libea_startup_thumb.a(consol.o) (atoi)
/cygdrive/c/Embedded/GNUARM/bin/../lib/gcc/arm-elf/4.1.1/../../../../arm-elf/lib/interwork/libc.a(memcpy.o)
                              testI2C.o (memcpy)
/cygdrive/c/Embedded/GNUARM/bin/../lib/gcc/arm-elf/4.1.1/../../../../arm-elf/lib/interwork/libc.a(strlen.o)
                              testI2C.o (strlen)
/cygdrive/c/Embedded/GNUARM/bin/../lib/gcc/arm-elf/4.1.1/../../../../arm-elf/lib/interwork/libc.a(strtol.o)
                              /cygdrive/c/Embedded/GNUARM/bin/../lib/gcc/arm-elf/4.1.1/../../../../arm-elf/lib/interwork/libc.a(atoi.o) (_strtol_r)
/cygdrive/c/Embedded/GNUARM/bin/../lib/gcc/arm-elf/4.1.1/../../../../arm-elf/lib/interwork/libc.a(ctype_.o)
                              /cygdrive/c/Embedded/GNUARM/bin/../lib/gcc/arm-elf/4.1.1/../../../../arm-elf/lib/interwork/libc.a(strtol.o) (__ctype_ptr)
/cygdrive/c/Embedded/GNUARM/bin/../lib/gcc/arm-elf/4.1.1/../../../../arm-elf/lib/interwork/libc.a(impure.o)
                              /cygdrive/c/Embedded/GNUARM/bin/../lib/gcc/arm-elf/4.1.1/../../../../arm-elf/lib/interwork/libc.a(strtol.o) (_impure_ptr)

Allocating common symbols
Common symbol       size              file

upArrow             0x41              testLedMatrix.o
pHeapEnd            0x4               startup/libea_startup_thumb.a(framework.o)
pHeapStart          0x4               startup/libea_startup_thumb.a(framework.o)
leftArrow           0x41              testLedMatrix.o
downArrow           0x41              testLedMatrix.o
processControlBlocks
                    0xf0              pre_emptive_os/pre_emptive_os.a(kernel.o)

Discarded input sections

 .stabstr       0x00000000        0x0 startup/libea_startup_thumb.a(startup.o)
 .stabstr       0x00000000        0x0 pre_emptive_os/pre_emptive_os.a(a7hal_a.o)

Memory Configuration

Name             Origin             Length             Attributes
FLASH            0x00000000         0x00080000         xr
RAM              0x40000000         0x00008000         rw
*default*        0x00000000         0xffffffff

Linker script and memory map

LOAD main.o
LOAD eeprom.o
LOAD i2c.o
LOAD testLedMatrix.o
LOAD testLcd.o
LOAD testJoy.o
LOAD testMotor.o
LOAD testRGB.o
LOAD testI2C.o
LOAD testAdc.o
LOAD irq/irq_code.a
LOAD startup/libea_startup_thumb.a
LOAD pre_emptive_os/pre_emptive_os.a
START GROUP
LOAD /cygdrive/c/Embedded/GNUARM/bin/../lib/gcc/arm-elf/4.1.1/interwork/libgcc.a
LOAD /cygdrive/c/Embedded/GNUARM/bin/../lib/gcc/arm-elf/4.1.1/../../../../arm-elf/lib/interwork/libc.a
END GROUP

.text           0x00000000     0x3624
 *startup.o(.text)
 .text          0x00000000      0x1d8 startup/libea_startup_thumb.a(startup.o)
                0x00000000                _startup
 *(.text)
 .text          0x000001d8      0x308 main.o
                0x000001d8                appTick
                0x000001dc                main
 .text          0x000004e0      0x1c8 eeprom.o
                0x000004e0                eepromWrite
                0x0000054c                eepromPoll
                0x00000630                eepromPageRead
                0x00000598                eepromStartRead
 .text          0x000006a8      0x39c i2c.o
                0x000006c0                i2cInit
                0x00000904                i2cRead
                0x00000830                i2cWriteWithWait
                0x0000070c                i2cStart
                0x00000758                i2cStop
                0x000006a8                i2cCheckStatus
                0x000007ac                i2cGetChar
                0x000008b8                i2cRepeatStart
                0x000009a4                i2cWrite
                0x00000804                i2cWaitTransmit
                0x00000860                i2cMyWrite
                0x00000780                i2cPutChar
 .text          0x00000a44      0x328 testLedMatrix.o
                0x00000a44                fillPicture
                0x00000a80                testLedMatrix
 .text          0x00000d6c      0x210 testLcd.o
                0x00000e5c                messageOnLCD
                0x00000f44                testLcd
 .text          0x00000f7c        0x0 testJoy.o
 .text          0x00000f7c      0x1fc testMotor.o
                0x00001084                testMotor2
                0x00000f7c                testMotor
 .text          0x00001178      0x100 testRGB.o
                0x00001178                testRGB
 .text          0x00001278      0x25c testI2C.o
                0x00001278                testEEPROM
                0x00001388                testI2C
 .text          0x000014d4      0x210 testAdc.o
                0x0000150c                testAdc
 .text          0x000016e4      0x124 irq/irq_code.a(irq_timer1.o)
                0x000016e4                send_SPI
                0x00001778                ledMatrix
 .text          0x00001808      0x67c startup/libea_startup_thumb.a(consol.o)
                0x00001cc0                consolGetIntNum
                0x000018fc                consolSendCh
                0x00001ac8                consolGetString
                0x0000196c                consolSendNumber
                0x00001a84                consolGetCh
                0x000018dc                consolSendChar
                0x00001b40                simplePrintf
                0x00001940                consolSendString
                0x00001da0                consolScanf
                0x00001aa4                consolGetChar
                0x0000188c                consolInit
 .text          0x00001e84      0x2c0 startup/libea_startup_thumb.a(framework.o)
                0x00001fb0                eaInit
                0x00001efc                lowLevelInit
                0x00001e84                exceptionHandlerInit
 .text          0x00002144      0x4f8 pre_emptive_os/pre_emptive_os.a(kernel.o)
                0x000024c0                osTick
                0x00002584                rmvFromRdyList
                0x000022e0                osGetHighPrioProc
                0x000025a0                osSuspend
                0x000021f4                osInit
                0x000025d4                osDeleteProcess
                0x00002220                osISREnter
                0x000022fc                schedule
                0x00002244                osCreateProcess
                0x00002440                addToRdyList
                0x00002190                addToTimeList
                0x00002454                osResume
                0x00002144                osPid
                0x00002604                osSleep
                0x00002368                osISRExit
                0x000023d0                osStart
                0x000023fc                rmvFromTimeList
                0x0000251c                osStartProcess
 .text          0x0000263c      0x124 pre_emptive_os/pre_emptive_os.a(prioqueue.o)
                0x0000263c                initPrioQueue
                0x000026a4                rmvFromPrioQueue
                0x0000265c                addToPrioQueue
                0x00002740                isEmptyPrioQueue
                0x00002708                getHighPrioQueue
 .text          0x00002760      0x218 pre_emptive_os/pre_emptive_os.a(timer.o)
                0x00002760                timerTick
                0x000028d4                osInitTimers
                0x00002870                osDeleteTimer
                0x00002844                osCreateTimer
 .text          0x00002978       0xa4 pre_emptive_os/pre_emptive_os.a(stack_usage.o)
                0x00002978                osStackUsage
                0x000029bc                createStackPattern
                0x000029dc                checkStackLimit
 .text          0x00002a1c      0x1ec pre_emptive_os/pre_emptive_os.a(a7hal.o)
                0x00002a54                stkFrameInit_oshal
                0x00002a1c                timerIsr_oshal
                0x00002b34                halRestoreInterrupts_oshal
                0x00002b3c                initTimer_oshal
                0x00002b24                halEnableInterrupts_oshal
                0x00002bd4                handleIRQs_oshal
                0x00002b04                halDisableInterrupts_oshal
 .text          0x00002c08       0xc4 pre_emptive_os/pre_emptive_os.a(a7hal_a.o)
                0x00002c14                startHighProc_oshal
                0x00002c3c                ctxSwitchIsr_oshal
                0x00002c1c                ctxSwitch_oshal
                0x00002c5c                generalIRQ_oshal
 .text          0x00002ccc      0x144 pre_emptive_os/pre_emptive_os.a(count_sem.o)
                0x00002d6c                osSemGive
                0x00002dd0                osSemTryTake
                0x00002ccc                osSemInit
                0x00002ce0                osSemTake
 .text          0x00002e10       0xd8 pre_emptive_os/pre_emptive_os.a(event.o)
                0x00002e20                eventWait
                0x00002e10                eventInit
                0x00002e88                eventIsEmpty
                0x00002e58                eventWaitReturn
                0x00002e98                eventSignal
 .text          0x00002ee8      0x114 /cygdrive/c/Embedded/GNUARM/bin/../lib/gcc/arm-elf/4.1.1/interwork/libgcc.a(_udivsi3.o)
                0x00002ee8                __udivsi3
                0x00002ee8                __aeabi_uidiv
                0x00002fe4                __aeabi_uidivmod
 .text          0x00002ffc      0x144 /cygdrive/c/Embedded/GNUARM/bin/../lib/gcc/arm-elf/4.1.1/interwork/libgcc.a(_divsi3.o)
                0x00002ffc                __aeabi_idiv
                0x00002ffc                __divsi3
                0x00003128                __aeabi_idivmod
 .text          0x00003140       0xd0 /cygdrive/c/Embedded/GNUARM/bin/../lib/gcc/arm-elf/4.1.1/interwork/libgcc.a(_umodsi3.o)
                0x00003140                __umodsi3
 .text          0x00003210        0x4 /cygdrive/c/Embedded/GNUARM/bin/../lib/gcc/arm-elf/4.1.1/interwork/libgcc.a(_dvmd_tls.o)
                0x00003210                __aeabi_ldiv0
                0x00003210                __div0
                0x00003210                __aeabi_idiv0
 .text          0x00003214       0x3c /cygdrive/c/Embedded/GNUARM/bin/../lib/gcc/arm-elf/4.1.1/interwork/libgcc.a(_call_via_rX.o)
                0x0000321c                _call_via_r2
                0x0000322c                _call_via_r6
                0x00003228                _call_via_r5
                0x00003220                _call_via_r3
                0x00003240                _call_via_fp
                0x00003234                _call_via_r8
                0x00003230                _call_via_r7
                0x00003214                _call_via_r0
                0x0000323c                _call_via_sl
                0x00003248                _call_via_sp
                0x00003238                _call_via_r9
                0x00003224                _call_via_r4
                0x00003218                _call_via_r1
                0x00003244                _call_via_ip
                0x0000324c                _call_via_lr
 .text          0x00003250       0x30 /cygdrive/c/Embedded/GNUARM/bin/../lib/gcc/arm-elf/4.1.1/../../../../arm-elf/lib/interwork/libc.a(atoi.o)
                0x00003250                _atoi_r
                0x00003268                atoi
 .text          0x00003280       0x9c /cygdrive/c/Embedded/GNUARM/bin/../lib/gcc/arm-elf/4.1.1/../../../../arm-elf/lib/interwork/libc.a(memcpy.o)
                0x00003280                memcpy
 .text          0x0000331c       0x90 /cygdrive/c/Embedded/GNUARM/bin/../lib/gcc/arm-elf/4.1.1/../../../../arm-elf/lib/interwork/libc.a(strlen.o)
                0x0000331c                strlen
 .text          0x000033ac      0x1f0 /cygdrive/c/Embedded/GNUARM/bin/../lib/gcc/arm-elf/4.1.1/../../../../arm-elf/lib/interwork/libc.a(strtol.o)
                0x00003570                strtol
                0x000033ac                _strtol_r
 .text          0x0000359c        0x0 /cygdrive/c/Embedded/GNUARM/bin/../lib/gcc/arm-elf/4.1.1/../../../../arm-elf/lib/interwork/libc.a(ctype_.o)
 .text          0x0000359c        0x0 /cygdrive/c/Embedded/GNUARM/bin/../lib/gcc/arm-elf/4.1.1/../../../../arm-elf/lib/interwork/libc.a(impure.o)
 *(.glue_7)
 .glue_7        0x0000359c        0x0 main.o
 .glue_7        0x0000359c        0x0 eeprom.o
 .glue_7        0x0000359c        0x0 i2c.o
 .glue_7        0x0000359c        0x0 testLedMatrix.o
 .glue_7        0x0000359c        0x0 testLcd.o
 .glue_7        0x0000359c        0x0 testJoy.o
 .glue_7        0x0000359c        0x0 testMotor.o
 .glue_7        0x0000359c        0x0 testRGB.o
 .glue_7        0x0000359c        0x0 testI2C.o
 .glue_7        0x0000359c        0x0 testAdc.o
 .glue_7        0x0000359c        0x0 irq/irq_code.a(irq_timer1.o)
 .glue_7        0x0000359c        0x0 startup/libea_startup_thumb.a(consol.o)
 .glue_7        0x0000359c        0x0 startup/libea_startup_thumb.a(framework.o)
 .glue_7        0x0000359c        0x0 startup/libea_startup_thumb.a(startup.o)
 .glue_7        0x0000359c        0x0 pre_emptive_os/pre_emptive_os.a(kernel.o)
 .glue_7        0x0000359c        0x0 pre_emptive_os/pre_emptive_os.a(prioqueue.o)
 .glue_7        0x0000359c        0x0 pre_emptive_os/pre_emptive_os.a(timer.o)
 .glue_7        0x0000359c        0x0 pre_emptive_os/pre_emptive_os.a(stack_usage.o)
 .glue_7        0x0000359c        0x0 pre_emptive_os/pre_emptive_os.a(a7hal.o)
 .glue_7        0x0000359c        0x0 pre_emptive_os/pre_emptive_os.a(a7hal_a.o)
 .glue_7        0x0000359c        0x0 pre_emptive_os/pre_emptive_os.a(count_sem.o)
 .glue_7        0x0000359c        0x0 pre_emptive_os/pre_emptive_os.a(event.o)
 .glue_7        0x0000359c        0x0 /cygdrive/c/Embedded/GNUARM/bin/../lib/gcc/arm-elf/4.1.1/interwork/libgcc.a(_udivsi3.o)
 .glue_7        0x0000359c        0x0 /cygdrive/c/Embedded/GNUARM/bin/../lib/gcc/arm-elf/4.1.1/interwork/libgcc.a(_divsi3.o)
 .glue_7        0x0000359c        0x0 /cygdrive/c/Embedded/GNUARM/bin/../lib/gcc/arm-elf/4.1.1/interwork/libgcc.a(_umodsi3.o)
 .glue_7        0x0000359c        0x0 /cygdrive/c/Embedded/GNUARM/bin/../lib/gcc/arm-elf/4.1.1/interwork/libgcc.a(_dvmd_tls.o)
 .glue_7        0x0000359c        0x0 /cygdrive/c/Embedded/GNUARM/bin/../lib/gcc/arm-elf/4.1.1/interwork/libgcc.a(_call_via_rX.o)
 .glue_7        0x0000359c        0x0 /cygdrive/c/Embedded/GNUARM/bin/../lib/gcc/arm-elf/4.1.1/../../../../arm-elf/lib/interwork/libc.a(atoi.o)
 .glue_7        0x0000359c        0x0 /cygdrive/c/Embedded/GNUARM/bin/../lib/gcc/arm-elf/4.1.1/../../../../arm-elf/lib/interwork/libc.a(memcpy.o)
 .glue_7        0x0000359c        0x0 /cygdrive/c/Embedded/GNUARM/bin/../lib/gcc/arm-elf/4.1.1/../../../../arm-elf/lib/interwork/libc.a(strlen.o)
 .glue_7        0x0000359c        0x0 /cygdrive/c/Embedded/GNUARM/bin/../lib/gcc/arm-elf/4.1.1/../../../../arm-elf/lib/interwork/libc.a(strtol.o)
 .glue_7        0x0000359c        0x0 /cygdrive/c/Embedded/GNUARM/bin/../lib/gcc/arm-elf/4.1.1/../../../../arm-elf/lib/interwork/libc.a(ctype_.o)
 .glue_7        0x0000359c       0x18 /cygdrive/c/Embedded/GNUARM/bin/../lib/gcc/arm-elf/4.1.1/../../../../arm-elf/lib/interwork/libc.a(impure.o)
                0x000035a8                __osISRExit_from_arm
                0x0000359c                __osTick_from_arm
 *(.glue_7t)
 .glue_7t       0x000035b4        0x0 main.o
 .glue_7t       0x000035b4        0x0 eeprom.o
 .glue_7t       0x000035b4        0x0 i2c.o
 .glue_7t       0x000035b4        0x0 testLedMatrix.o
 .glue_7t       0x000035b4        0x0 testLcd.o
 .glue_7t       0x000035b4        0x0 testJoy.o
 .glue_7t       0x000035b4        0x0 testMotor.o
 .glue_7t       0x000035b4        0x0 testRGB.o
 .glue_7t       0x000035b4        0x0 testI2C.o
 .glue_7t       0x000035b4        0x0 testAdc.o
 .glue_7t       0x000035b4        0x0 irq/irq_code.a(irq_timer1.o)
 .glue_7t       0x000035b4        0x0 startup/libea_startup_thumb.a(consol.o)
 .glue_7t       0x000035b4        0x0 startup/libea_startup_thumb.a(framework.o)
 .glue_7t       0x000035b4        0x0 startup/libea_startup_thumb.a(startup.o)
 .glue_7t       0x000035b4        0x0 pre_emptive_os/pre_emptive_os.a(kernel.o)
 .glue_7t       0x000035b4        0x0 pre_emptive_os/pre_emptive_os.a(prioqueue.o)
 .glue_7t       0x000035b4        0x0 pre_emptive_os/pre_emptive_os.a(timer.o)
 .glue_7t       0x000035b4        0x0 pre_emptive_os/pre_emptive_os.a(stack_usage.o)
 .glue_7t       0x000035b4        0x0 pre_emptive_os/pre_emptive_os.a(a7hal.o)
 .glue_7t       0x000035b4        0x0 pre_emptive_os/pre_emptive_os.a(a7hal_a.o)
 .glue_7t       0x000035b4        0x0 pre_emptive_os/pre_emptive_os.a(count_sem.o)
 .glue_7t       0x000035b4        0x0 pre_emptive_os/pre_emptive_os.a(event.o)
 .glue_7t       0x000035b4        0x0 /cygdrive/c/Embedded/GNUARM/bin/../lib/gcc/arm-elf/4.1.1/interwork/libgcc.a(_udivsi3.o)
 .glue_7t       0x000035b4        0x0 /cygdrive/c/Embedded/GNUARM/bin/../lib/gcc/arm-elf/4.1.1/interwork/libgcc.a(_divsi3.o)
 .glue_7t       0x000035b4        0x0 /cygdrive/c/Embedded/GNUARM/bin/../lib/gcc/arm-elf/4.1.1/interwork/libgcc.a(_umodsi3.o)
 .glue_7t       0x000035b4        0x0 /cygdrive/c/Embedded/GNUARM/bin/../lib/gcc/arm-elf/4.1.1/interwork/libgcc.a(_dvmd_tls.o)
 .glue_7t       0x000035b4        0x0 /cygdrive/c/Embedded/GNUARM/bin/../lib/gcc/arm-elf/4.1.1/interwork/libgcc.a(_call_via_rX.o)
 .glue_7t       0x000035b4        0x0 /cygdrive/c/Embedded/GNUARM/bin/../lib/gcc/arm-elf/4.1.1/../../../../arm-elf/lib/interwork/libc.a(atoi.o)
 .glue_7t       0x000035b4        0x0 /cygdrive/c/Embedded/GNUARM/bin/../lib/gcc/arm-elf/4.1.1/../../../../arm-elf/lib/interwork/libc.a(memcpy.o)
 .glue_7t       0x000035b4        0x0 /cygdrive/c/Embedded/GNUARM/bin/../lib/gcc/arm-elf/4.1.1/../../../../arm-elf/lib/interwork/libc.a(strlen.o)
 .glue_7t       0x000035b4        0x0 /cygdrive/c/Embedded/GNUARM/bin/../lib/gcc/arm-elf/4.1.1/../../../../arm-elf/lib/interwork/libc.a(strtol.o)
 .glue_7t       0x000035b4        0x0 /cygdrive/c/Embedded/GNUARM/bin/../lib/gcc/arm-elf/4.1.1/../../../../arm-elf/lib/interwork/libc.a(ctype_.o)
 .glue_7t       0x000035b4       0x70 /cygdrive/c/Embedded/GNUARM/bin/../lib/gcc/arm-elf/4.1.1/../../../../arm-elf/lib/interwork/libc.a(impure.o)
                0x000035d8                __consolSendNumber_change_to_arm
                0x000035d4                __consolSendNumber_from_thumb
                0x000035e4                __halRestoreInterrupts_oshal_from_thumb
                0x000035d0                __strlen_change_to_arm
                0x000035c4                __memcpy_from_thumb
                0x000035f4                __ctxSwitch_oshal_from_thumb
                0x000035f0                __stkFrameInit_oshal_change_to_arm
                0x00003608                __initTimer_oshal_change_to_arm
                0x0000360c                __startHighProc_oshal_from_thumb
                0x00003618                ____udivsi3_change_to_arm
                0x00003610                __startHighProc_oshal_change_to_arm
                0x000035fc                __ctxSwitchIsr_oshal_from_thumb
                0x000035e8                __halRestoreInterrupts_oshal_change_to_arm
                0x000035c0                __simplePrintf_change_to_arm
                0x0000361c                ____divsi3_from_thumb
                0x000035f8                __ctxSwitch_oshal_change_to_arm
                0x000035ec                __stkFrameInit_oshal_from_thumb
                0x00003614                ____udivsi3_from_thumb
                0x000035b4                __eaInit_from_thumb
                0x000035bc                __simplePrintf_from_thumb
                0x00003604                __initTimer_oshal_from_thumb
                0x000035b8                __eaInit_change_to_arm
                0x000035cc                __strlen_from_thumb
                0x00003600                __ctxSwitchIsr_oshal_change_to_arm
                0x000035e0                __halDisableInterrupts_oshal_change_to_arm
                0x000035dc                __halDisableInterrupts_oshal_from_thumb
                0x000035c8                __memcpy_change_to_arm
                0x00003620                ____divsi3_change_to_arm
                0x00003624                . = ALIGN (0x4)

.rodata         0x00003624      0x590
 *(.rodata)
 .rodata        0x00003624       0x25 testLedMatrix.o
                0x00003624                eaText
 *fill*         0x00003649        0x3 00
 .rodata        0x0000364c       0x10 startup/libea_startup_thumb.a(consol.o)
 .rodata        0x0000365c      0x101 /cygdrive/c/Embedded/GNUARM/bin/../lib/gcc/arm-elf/4.1.1/../../../../arm-elf/lib/interwork/libc.a(ctype_.o)
                0x0000365c                _ctype_
 *fill*         0x0000375d        0x3 00
 .rodata        0x00003760        0x4 /cygdrive/c/Embedded/GNUARM/bin/../lib/gcc/arm-elf/4.1.1/../../../../arm-elf/lib/interwork/libc.a(impure.o)
                0x00003760                _global_impure_ptr
 *(.rodata*)
 .rodata.str1.4
                0x00003764      0x11d main.o
                                0x124 (size before relaxing)
 *fill*         0x00003881        0x3 00
 .rodata.str1.4
                0x00003884       0x20 testLcd.o
 .rodata.str1.4
                0x000038a4        0x4 testMotor.o
 .rodata.str1.4
                0x000038a8      0x169 testI2C.o
                                0x1a8 (size before relaxing)
 *fill*         0x00003a11        0x3 00
 .rodata.str1.4
                0x00003a14       0xa9 testAdc.o
                                0x124 (size before relaxing)
 *fill*         0x00003abd        0x3 00
 .rodata.str1.4
                0x00003ac0       0x18 startup/libea_startup_thumb.a(consol.o)
 .rodata.str1.4
                0x00003ad8       0xd8 startup/libea_startup_thumb.a(framework.o)
 .rodata.str1.4
                0x00003bb0        0x4 /cygdrive/c/Embedded/GNUARM/bin/../lib/gcc/arm-elf/4.1.1/../../../../arm-elf/lib/interwork/libc.a(impure.o)
                0x00003bb4                . = ALIGN (0x4)
                0x00003bb4                _etext = .
                0x00003bb4                PROVIDE (etext, .)

.data           0x40000080      0x450 load address 0x00003bb4
                0x40000080                _data = .
 *(.data)
 .data          0x40000080        0x0 main.o
 .data          0x40000080        0x0 eeprom.o
 .data          0x40000080        0x0 i2c.o
 .data          0x40000080       0x44 testLedMatrix.o
                0x40000080                rightArrow
 .data          0x400000c4        0x0 testLcd.o
 .data          0x400000c4        0x0 testJoy.o
 .data          0x400000c4        0x0 testMotor.o
 .data          0x400000c4        0x0 testRGB.o
 .data          0x400000c4        0x0 testI2C.o
 .data          0x400000c4        0x0 testAdc.o
 .data          0x400000c4        0x4 irq/irq_code.a(irq_timer1.o)
 .data          0x400000c8        0x0 startup/libea_startup_thumb.a(consol.o)
 .data          0x400000c8        0x0 startup/libea_startup_thumb.a(framework.o)
 .data          0x400000c8        0x0 startup/libea_startup_thumb.a(startup.o)
 .data          0x400000c8        0x0 pre_emptive_os/pre_emptive_os.a(kernel.o)
 .data          0x400000c8        0x0 pre_emptive_os/pre_emptive_os.a(prioqueue.o)
 .data          0x400000c8        0x0 pre_emptive_os/pre_emptive_os.a(timer.o)
 .data          0x400000c8        0x0 pre_emptive_os/pre_emptive_os.a(stack_usage.o)
 .data          0x400000c8        0x0 pre_emptive_os/pre_emptive_os.a(a7hal.o)
 .data          0x400000c8        0x0 pre_emptive_os/pre_emptive_os.a(a7hal_a.o)
 .data          0x400000c8        0x0 pre_emptive_os/pre_emptive_os.a(count_sem.o)
 .data          0x400000c8        0x0 pre_emptive_os/pre_emptive_os.a(event.o)
 .data          0x400000c8        0x0 /cygdrive/c/Embedded/GNUARM/bin/../lib/gcc/arm-elf/4.1.1/interwork/libgcc.a(_udivsi3.o)
 .data          0x400000c8        0x0 /cygdrive/c/Embedded/GNUARM/bin/../lib/gcc/arm-elf/4.1.1/interwork/libgcc.a(_divsi3.o)
 .data          0x400000c8        0x0 /cygdrive/c/Embedded/GNUARM/bin/../lib/gcc/arm-elf/4.1.1/interwork/libgcc.a(_umodsi3.o)
 .data          0x400000c8        0x0 /cygdrive/c/Embedded/GNUARM/bin/../lib/gcc/arm-elf/4.1.1/interwork/libgcc.a(_dvmd_tls.o)
 .data          0x400000c8        0x0 /cygdrive/c/Embedded/GNUARM/bin/../lib/gcc/arm-elf/4.1.1/interwork/libgcc.a(_call_via_rX.o)
 .data          0x400000c8        0x0 /cygdrive/c/Embedded/GNUARM/bin/../lib/gcc/arm-elf/4.1.1/../../../../arm-elf/lib/interwork/libc.a(atoi.o)
 .data          0x400000c8        0x0 /cygdrive/c/Embedded/GNUARM/bin/../lib/gcc/arm-elf/4.1.1/../../../../arm-elf/lib/interwork/libc.a(memcpy.o)
 .data          0x400000c8        0x0 /cygdrive/c/Embedded/GNUARM/bin/../lib/gcc/arm-elf/4.1.1/../../../../arm-elf/lib/interwork/libc.a(strlen.o)
 .data          0x400000c8        0x0 /cygdrive/c/Embedded/GNUARM/bin/../lib/gcc/arm-elf/4.1.1/../../../../arm-elf/lib/interwork/libc.a(strtol.o)
 .data          0x400000c8        0x4 /cygdrive/c/Embedded/GNUARM/bin/../lib/gcc/arm-elf/4.1.1/../../../../arm-elf/lib/interwork/libc.a(ctype_.o)
                0x400000c8                __ctype_ptr
 .data          0x400000cc      0x404 /cygdrive/c/Embedded/GNUARM/bin/../lib/gcc/arm-elf/4.1.1/../../../../arm-elf/lib/interwork/libc.a(impure.o)
                0x400000cc                _impure_ptr
                0x400004d0                . = ALIGN (0x4)
                0x400004d0                _edata = .
                0x400004d0                PROVIDE (edata, .)

.bss            0x400004d0     0x1ed0
                0x400004d0                _bss = .
                0x400004d0                __bss_start = .
                0x400004d0                __bss_start__ = .
 *(.bss)
 .bss           0x400004d0     0x1993 main.o
 .bss           0x40001e63        0x0 eeprom.o
 .bss           0x40001e63        0x0 i2c.o
 .bss           0x40001e63        0x8 testLedMatrix.o
                0x40001e63                pattern
 .bss           0x40001e6b        0x1 testLcd.o
 .bss           0x40001e6c        0x0 testJoy.o
 .bss           0x40001e6c        0x0 testMotor.o
 .bss           0x40001e6c        0x0 testRGB.o
 .bss           0x40001e6c        0x0 testI2C.o
 .bss           0x40001e6c        0x0 testAdc.o
 .bss           0x40001e6c        0x1 irq/irq_code.a(irq_timer1.o)
 .bss           0x40001e6d        0x0 startup/libea_startup_thumb.a(consol.o)
 .bss           0x40001e6d        0x0 startup/libea_startup_thumb.a(framework.o)
 .bss           0x40001e6d        0x0 startup/libea_startup_thumb.a(startup.o)
 *fill*         0x40001e6d        0x3 00
 .bss           0x40001e70       0x2c pre_emptive_os/pre_emptive_os.a(kernel.o)
                0x40001e70                osLockNesting
                0x40001e74                pNxtToRun
                0x40001e78                pRunProc
                0x40001e71                isrNesting
 .bss           0x40001e9c        0x0 pre_emptive_os/pre_emptive_os.a(prioqueue.o)
 .bss           0x40001e9c      0x348 pre_emptive_os/pre_emptive_os.a(timer.o)
 .bss           0x400021e4        0x0 pre_emptive_os/pre_emptive_os.a(stack_usage.o)
 .bss           0x400021e4        0x0 pre_emptive_os/pre_emptive_os.a(a7hal.o)
 .bss           0x400021e4        0x0 pre_emptive_os/pre_emptive_os.a(a7hal_a.o)
 .bss           0x400021e4        0x0 pre_emptive_os/pre_emptive_os.a(count_sem.o)
 .bss           0x400021e4        0x0 pre_emptive_os/pre_emptive_os.a(event.o)
 .bss           0x400021e4        0x0 /cygdrive/c/Embedded/GNUARM/bin/../lib/gcc/arm-elf/4.1.1/interwork/libgcc.a(_udivsi3.o)
 .bss           0x400021e4        0x0 /cygdrive/c/Embedded/GNUARM/bin/../lib/gcc/arm-elf/4.1.1/interwork/libgcc.a(_divsi3.o)
 .bss           0x400021e4        0x0 /cygdrive/c/Embedded/GNUARM/bin/../lib/gcc/arm-elf/4.1.1/interwork/libgcc.a(_umodsi3.o)
 .bss           0x400021e4        0x0 /cygdrive/c/Embedded/GNUARM/bin/../lib/gcc/arm-elf/4.1.1/interwork/libgcc.a(_dvmd_tls.o)
 .bss           0x400021e4        0x0 /cygdrive/c/Embedded/GNUARM/bin/../lib/gcc/arm-elf/4.1.1/interwork/libgcc.a(_call_via_rX.o)
 .bss           0x400021e4        0x0 /cygdrive/c/Embedded/GNUARM/bin/../lib/gcc/arm-elf/4.1.1/../../../../arm-elf/lib/interwork/libc.a(atoi.o)
 .bss           0x400021e4        0x0 /cygdrive/c/Embedded/GNUARM/bin/../lib/gcc/arm-elf/4.1.1/../../../../arm-elf/lib/interwork/libc.a(memcpy.o)
 .bss           0x400021e4        0x0 /cygdrive/c/Embedded/GNUARM/bin/../lib/gcc/arm-elf/4.1.1/../../../../arm-elf/lib/interwork/libc.a(strlen.o)
 .bss           0x400021e4        0x0 /cygdrive/c/Embedded/GNUARM/bin/../lib/gcc/arm-elf/4.1.1/../../../../arm-elf/lib/interwork/libc.a(strtol.o)
 .bss           0x400021e4        0x0 /cygdrive/c/Embedded/GNUARM/bin/../lib/gcc/arm-elf/4.1.1/../../../../arm-elf/lib/interwork/libc.a(ctype_.o)
 .bss           0x400021e4        0x0 /cygdrive/c/Embedded/GNUARM/bin/../lib/gcc/arm-elf/4.1.1/../../../../arm-elf/lib/interwork/libc.a(impure.o)
 *(COMMON)
 COMMON         0x400021e4       0xc3 testLedMatrix.o
                0x400021e4                upArrow
                0x40002225                leftArrow
                0x40002266                downArrow
 *fill*         0x400022a7        0x1 00
 COMMON         0x400022a8        0x8 startup/libea_startup_thumb.a(framework.o)
                0x400022a8                pHeapEnd
                0x400022ac                pHeapStart
 COMMON         0x400022b0       0xf0 pre_emptive_os/pre_emptive_os.a(kernel.o)
                0x400022b0                processControlBlocks
                0x400023a0                . = ALIGN (0x4)
                0x400023a0                . = ALIGN (0x4)
                0x400023a0                __bss_end = .
                0x400023a0                __bss_end__ = .
                0x400023a0                _end = .
                0x400023a0                PROVIDE (end, .)

.stab           0x00000000      0x600
 *(.stab)
 .stab          0x00000000      0x3c0 startup/libea_startup_thumb.a(startup.o)
 .stab          0x000003c0      0x240 pre_emptive_os/pre_emptive_os.a(a7hal_a.o)
                                0x24c (size before relaxing)

.stabstr        0x00000000       0x99
 *(.stabstr)
 .stabstr       0x00000000       0x99 startup/libea_startup_thumb.a(startup.o)

.stab.excl
 *(.stab.excl)

.stab.exclstr
 *(.stab.exclstr)

.stab.index
 *(.stab.index)

.stab.indexstr
 *(.stab.indexstr)

.comment        0x00000000      0x1d4
 *(.comment)
 .comment       0x00000000       0x12 main.o
 .comment       0x00000012       0x12 eeprom.o
 .comment       0x00000024       0x12 i2c.o
 .comment       0x00000036       0x12 testLedMatrix.o
 .comment       0x00000048       0x12 testLcd.o
 .comment       0x0000005a       0x12 testJoy.o
 .comment       0x0000006c       0x12 testMotor.o
 .comment       0x0000007e       0x12 testRGB.o
 .comment       0x00000090       0x12 testI2C.o
 .comment       0x000000a2       0x12 testAdc.o
 .comment       0x000000b4       0x12 irq/irq_code.a(irq_timer1.o)
 .comment       0x000000c6       0x12 startup/libea_startup_thumb.a(consol.o)
 .comment       0x000000d8       0x12 startup/libea_startup_thumb.a(framework.o)
 .comment       0x000000ea       0x12 pre_emptive_os/pre_emptive_os.a(kernel.o)
 .comment       0x000000fc       0x12 pre_emptive_os/pre_emptive_os.a(prioqueue.o)
 .comment       0x0000010e       0x12 pre_emptive_os/pre_emptive_os.a(timer.o)
 .comment       0x00000120       0x12 pre_emptive_os/pre_emptive_os.a(stack_usage.o)
 .comment       0x00000132       0x12 pre_emptive_os/pre_emptive_os.a(a7hal.o)
 .comment       0x00000144       0x12 pre_emptive_os/pre_emptive_os.a(count_sem.o)
 .comment       0x00000156       0x12 pre_emptive_os/pre_emptive_os.a(event.o)
 .comment       0x00000168       0x12 /cygdrive/c/Embedded/GNUARM/bin/../lib/gcc/arm-elf/4.1.1/../../../../arm-elf/lib/interwork/libc.a(atoi.o)
 .comment       0x0000017a       0x12 /cygdrive/c/Embedded/GNUARM/bin/../lib/gcc/arm-elf/4.1.1/../../../../arm-elf/lib/interwork/libc.a(memcpy.o)
 .comment       0x0000018c       0x12 /cygdrive/c/Embedded/GNUARM/bin/../lib/gcc/arm-elf/4.1.1/../../../../arm-elf/lib/interwork/libc.a(strlen.o)
 .comment       0x0000019e       0x12 /cygdrive/c/Embedded/GNUARM/bin/../lib/gcc/arm-elf/4.1.1/../../../../arm-elf/lib/interwork/libc.a(strtol.o)
 .comment       0x000001b0       0x12 /cygdrive/c/Embedded/GNUARM/bin/../lib/gcc/arm-elf/4.1.1/../../../../arm-elf/lib/interwork/libc.a(ctype_.o)
 .comment       0x000001c2       0x12 /cygdrive/c/Embedded/GNUARM/bin/../lib/gcc/arm-elf/4.1.1/../../../../arm-elf/lib/interwork/libc.a(impure.o)

.debug
 *(.debug)

.line
 *(.line)

.debug_srcinfo
 *(.debug_srcinfo)

.debug_sfnames
 *(.debug_sfnames)

.debug_aranges  0x00000000      0x380
 *(.debug_aranges)
 .debug_aranges
                0x00000000       0x20 main.o
 .debug_aranges
                0x00000020       0x20 eeprom.o
 .debug_aranges
                0x00000040       0x20 i2c.o
 .debug_aranges
                0x00000060       0x20 testLedMatrix.o
 .debug_aranges
                0x00000080       0x20 testLcd.o
 .debug_aranges
                0x000000a0       0x20 testMotor.o
 .debug_aranges
                0x000000c0       0x20 testRGB.o
 .debug_aranges
                0x000000e0       0x20 testI2C.o
 .debug_aranges
                0x00000100       0x20 testAdc.o
 .debug_aranges
                0x00000120       0x20 irq/irq_code.a(irq_timer1.o)
 .debug_aranges
                0x00000140       0x20 startup/libea_startup_thumb.a(consol.o)
 .debug_aranges
                0x00000160       0x20 startup/libea_startup_thumb.a(framework.o)
 .debug_aranges
                0x00000180       0x20 pre_emptive_os/pre_emptive_os.a(kernel.o)
 .debug_aranges
                0x000001a0       0x20 pre_emptive_os/pre_emptive_os.a(prioqueue.o)
 .debug_aranges
                0x000001c0       0x20 pre_emptive_os/pre_emptive_os.a(timer.o)
 .debug_aranges
                0x000001e0       0x20 pre_emptive_os/pre_emptive_os.a(stack_usage.o)
 .debug_aranges
                0x00000200       0x20 pre_emptive_os/pre_emptive_os.a(a7hal.o)
 .debug_aranges
                0x00000220       0x20 pre_emptive_os/pre_emptive_os.a(count_sem.o)
 .debug_aranges
                0x00000240       0x20 pre_emptive_os/pre_emptive_os.a(event.o)
 .debug_aranges
                0x00000260       0x20 /cygdrive/c/Embedded/GNUARM/bin/../lib/gcc/arm-elf/4.1.1/interwork/libgcc.a(_udivsi3.o)
 .debug_aranges
                0x00000280       0x20 /cygdrive/c/Embedded/GNUARM/bin/../lib/gcc/arm-elf/4.1.1/interwork/libgcc.a(_divsi3.o)
 .debug_aranges
                0x000002a0       0x20 /cygdrive/c/Embedded/GNUARM/bin/../lib/gcc/arm-elf/4.1.1/interwork/libgcc.a(_umodsi3.o)
 .debug_aranges
                0x000002c0       0x20 /cygdrive/c/Embedded/GNUARM/bin/../lib/gcc/arm-elf/4.1.1/interwork/libgcc.a(_dvmd_tls.o)
 .debug_aranges
                0x000002e0       0x20 /cygdrive/c/Embedded/GNUARM/bin/../lib/gcc/arm-elf/4.1.1/interwork/libgcc.a(_call_via_rX.o)
 .debug_aranges
                0x00000300       0x20 /cygdrive/c/Embedded/GNUARM/bin/../lib/gcc/arm-elf/4.1.1/../../../../arm-elf/lib/interwork/libc.a(atoi.o)
 .debug_aranges
                0x00000320       0x20 /cygdrive/c/Embedded/GNUARM/bin/../lib/gcc/arm-elf/4.1.1/../../../../arm-elf/lib/interwork/libc.a(memcpy.o)
 .debug_aranges
                0x00000340       0x20 /cygdrive/c/Embedded/GNUARM/bin/../lib/gcc/arm-elf/4.1.1/../../../../arm-elf/lib/interwork/libc.a(strlen.o)
 .debug_aranges
                0x00000360       0x20 /cygdrive/c/Embedded/GNUARM/bin/../lib/gcc/arm-elf/4.1.1/../../../../arm-elf/lib/interwork/libc.a(strtol.o)

.debug_pubnames
                0x00000000      0x8fa
 *(.debug_pubnames)
 .debug_pubnames
                0x00000000       0x27 main.o
 .debug_pubnames
                0x00000027       0x58 eeprom.o
 .debug_pubnames
                0x0000007f       0xcc i2c.o
 .debug_pubnames
                0x0000014b       0x82 testLedMatrix.o
 .debug_pubnames
                0x000001cd       0x2f testLcd.o
 .debug_pubnames
                0x000001fc       0x2f testMotor.o
 .debug_pubnames
                0x0000022b       0x1e testRGB.o
 .debug_pubnames
                0x00000249       0x2d testI2C.o
 .debug_pubnames
                0x00000276       0x1e testAdc.o
 .debug_pubnames
                0x00000294       0x2d irq/irq_code.a(irq_timer1.o)
 .debug_pubnames
                0x000002c1       0xda startup/libea_startup_thumb.a(consol.o)
 .debug_pubnames
                0x0000039b       0x63 startup/libea_startup_thumb.a(framework.o)
 .debug_pubnames
                0x000003fe      0x17f pre_emptive_os/pre_emptive_os.a(kernel.o)
 .debug_pubnames
                0x0000057d       0x76 pre_emptive_os/pre_emptive_os.a(prioqueue.o)
 .debug_pubnames
                0x000005f3       0x55 pre_emptive_os/pre_emptive_os.a(timer.o)
 .debug_pubnames
                0x00000648       0x4e pre_emptive_os/pre_emptive_os.a(stack_usage.o)
 .debug_pubnames
                0x00000696       0xc1 pre_emptive_os/pre_emptive_os.a(a7hal.o)
 .debug_pubnames
                0x00000757       0x4d pre_emptive_os/pre_emptive_os.a(count_sem.o)
 .debug_pubnames
                0x000007a4       0x63 pre_emptive_os/pre_emptive_os.a(event.o)
 .debug_pubnames
                0x00000807       0x27 /cygdrive/c/Embedded/GNUARM/bin/../lib/gcc/arm-elf/4.1.1/../../../../arm-elf/lib/interwork/libc.a(atoi.o)
 .debug_pubnames
                0x0000082e       0x1d /cygdrive/c/Embedded/GNUARM/bin/../lib/gcc/arm-elf/4.1.1/../../../../arm-elf/lib/interwork/libc.a(memcpy.o)
 .debug_pubnames
                0x0000084b       0x1d /cygdrive/c/Embedded/GNUARM/bin/../lib/gcc/arm-elf/4.1.1/../../../../arm-elf/lib/interwork/libc.a(strlen.o)
 .debug_pubnames
                0x00000868       0x2b /cygdrive/c/Embedded/GNUARM/bin/../lib/gcc/arm-elf/4.1.1/../../../../arm-elf/lib/interwork/libc.a(strtol.o)
 .debug_pubnames
                0x00000893       0x2e /cygdrive/c/Embedded/GNUARM/bin/../lib/gcc/arm-elf/4.1.1/../../../../arm-elf/lib/interwork/libc.a(ctype_.o)
 .debug_pubnames
                0x000008c1       0x39 /cygdrive/c/Embedded/GNUARM/bin/../lib/gcc/arm-elf/4.1.1/../../../../arm-elf/lib/interwork/libc.a(impure.o)

.debug_info     0x00000000     0x52e2
 *(.debug_info .gnu.linkonce.wi.*)
 .debug_info    0x00000000      0x2fd main.o
 .debug_info    0x000002fd      0x20d eeprom.o
 .debug_info    0x0000050a      0x465 i2c.o
 .debug_info    0x0000096f      0x1c2 testLedMatrix.o
 .debug_info    0x00000b31      0x1cd testLcd.o
 .debug_info    0x00000cfe       0x57 testJoy.o
 .debug_info    0x00000d55      0x11c testMotor.o
 .debug_info    0x00000e71       0xbf testRGB.o
 .debug_info    0x00000f30      0x150 testI2C.o
 .debug_info    0x00001080      0x119 testAdc.o
 .debug_info    0x00001199       0xf8 irq/irq_code.a(irq_timer1.o)
 .debug_info    0x00001291      0x584 startup/libea_startup_thumb.a(consol.o)
 .debug_info    0x00001815      0x1e5 startup/libea_startup_thumb.a(framework.o)
 .debug_info    0x000019fa      0x5fe pre_emptive_os/pre_emptive_os.a(kernel.o)
 .debug_info    0x00001ff8      0x2e8 pre_emptive_os/pre_emptive_os.a(prioqueue.o)
 .debug_info    0x000022e0      0x4b8 pre_emptive_os/pre_emptive_os.a(timer.o)
 .debug_info    0x00002798      0x2cf pre_emptive_os/pre_emptive_os.a(stack_usage.o)
 .debug_info    0x00002a67      0x189 pre_emptive_os/pre_emptive_os.a(a7hal.o)
 .debug_info    0x00002bf0      0x32b pre_emptive_os/pre_emptive_os.a(count_sem.o)
 .debug_info    0x00002f1b      0x2ee pre_emptive_os/pre_emptive_os.a(event.o)
 .debug_info    0x00003209       0x68 /cygdrive/c/Embedded/GNUARM/bin/../lib/gcc/arm-elf/4.1.1/interwork/libgcc.a(_udivsi3.o)
 .debug_info    0x00003271       0x68 /cygdrive/c/Embedded/GNUARM/bin/../lib/gcc/arm-elf/4.1.1/interwork/libgcc.a(_divsi3.o)
 .debug_info    0x000032d9       0x68 /cygdrive/c/Embedded/GNUARM/bin/../lib/gcc/arm-elf/4.1.1/interwork/libgcc.a(_umodsi3.o)
 .debug_info    0x00003341       0x68 /cygdrive/c/Embedded/GNUARM/bin/../lib/gcc/arm-elf/4.1.1/interwork/libgcc.a(_dvmd_tls.o)
 .debug_info    0x000033a9       0x68 /cygdrive/c/Embedded/GNUARM/bin/../lib/gcc/arm-elf/4.1.1/interwork/libgcc.a(_call_via_rX.o)
 .debug_info    0x00003411      0x949 /cygdrive/c/Embedded/GNUARM/bin/../lib/gcc/arm-elf/4.1.1/../../../../arm-elf/lib/interwork/libc.a(atoi.o)
 .debug_info    0x00003d5a      0x10a /cygdrive/c/Embedded/GNUARM/bin/../lib/gcc/arm-elf/4.1.1/../../../../arm-elf/lib/interwork/libc.a(memcpy.o)
 .debug_info    0x00003e64       0xd4 /cygdrive/c/Embedded/GNUARM/bin/../lib/gcc/arm-elf/4.1.1/../../../../arm-elf/lib/interwork/libc.a(strlen.o)
 .debug_info    0x00003f38      0xa0f /cygdrive/c/Embedded/GNUARM/bin/../lib/gcc/arm-elf/4.1.1/../../../../arm-elf/lib/interwork/libc.a(strtol.o)
 .debug_info    0x00004947       0x79 /cygdrive/c/Embedded/GNUARM/bin/../lib/gcc/arm-elf/4.1.1/../../../../arm-elf/lib/interwork/libc.a(ctype_.o)
 .debug_info    0x000049c0      0x922 /cygdrive/c/Embedded/GNUARM/bin/../lib/gcc/arm-elf/4.1.1/../../../../arm-elf/lib/interwork/libc.a(impure.o)

.debug_abbrev   0x00000000     0x1c38
 *(.debug_abbrev)
 .debug_abbrev  0x00000000      0x15e main.o
 .debug_abbrev  0x0000015e      0x117 eeprom.o
 .debug_abbrev  0x00000275      0x1ac i2c.o
 .debug_abbrev  0x00000421       0xed testLedMatrix.o
 .debug_abbrev  0x0000050e      0x138 testLcd.o
 .debug_abbrev  0x00000646       0x2a testJoy.o
 .debug_abbrev  0x00000670       0x9b testMotor.o
 .debug_abbrev  0x0000070b       0x77 testRGB.o
 .debug_abbrev  0x00000782       0xb1 testI2C.o
 .debug_abbrev  0x00000833       0xdd testAdc.o
 .debug_abbrev  0x00000910       0xb3 irq/irq_code.a(irq_timer1.o)
 .debug_abbrev  0x000009c3      0x2a4 startup/libea_startup_thumb.a(consol.o)
 .debug_abbrev  0x00000c67       0xd0 startup/libea_startup_thumb.a(framework.o)
 .debug_abbrev  0x00000d37      0x1b8 pre_emptive_os/pre_emptive_os.a(kernel.o)
 .debug_abbrev  0x00000eef      0x11e pre_emptive_os/pre_emptive_os.a(prioqueue.o)
 .debug_abbrev  0x0000100d      0x154 pre_emptive_os/pre_emptive_os.a(timer.o)
 .debug_abbrev  0x00001161      0x170 pre_emptive_os/pre_emptive_os.a(stack_usage.o)
 .debug_abbrev  0x000012d1       0xf2 pre_emptive_os/pre_emptive_os.a(a7hal.o)
 .debug_abbrev  0x000013c3      0x101 pre_emptive_os/pre_emptive_os.a(count_sem.o)
 .debug_abbrev  0x000014c4      0x103 pre_emptive_os/pre_emptive_os.a(event.o)
 .debug_abbrev  0x000015c7       0x14 /cygdrive/c/Embedded/GNUARM/bin/../lib/gcc/arm-elf/4.1.1/interwork/libgcc.a(_udivsi3.o)
 .debug_abbrev  0x000015db       0x14 /cygdrive/c/Embedded/GNUARM/bin/../lib/gcc/arm-elf/4.1.1/interwork/libgcc.a(_divsi3.o)
 .debug_abbrev  0x000015ef       0x14 /cygdrive/c/Embedded/GNUARM/bin/../lib/gcc/arm-elf/4.1.1/interwork/libgcc.a(_umodsi3.o)
 .debug_abbrev  0x00001603       0x14 /cygdrive/c/Embedded/GNUARM/bin/../lib/gcc/arm-elf/4.1.1/interwork/libgcc.a(_dvmd_tls.o)
 .debug_abbrev  0x00001617       0x14 /cygdrive/c/Embedded/GNUARM/bin/../lib/gcc/arm-elf/4.1.1/interwork/libgcc.a(_call_via_rX.o)
 .debug_abbrev  0x0000162b      0x176 /cygdrive/c/Embedded/GNUARM/bin/../lib/gcc/arm-elf/4.1.1/../../../../arm-elf/lib/interwork/libc.a(atoi.o)
 .debug_abbrev  0x000017a1       0xa6 /cygdrive/c/Embedded/GNUARM/bin/../lib/gcc/arm-elf/4.1.1/../../../../arm-elf/lib/interwork/libc.a(memcpy.o)
 .debug_abbrev  0x00001847       0x8b /cygdrive/c/Embedded/GNUARM/bin/../lib/gcc/arm-elf/4.1.1/../../../../arm-elf/lib/interwork/libc.a(strlen.o)
 .debug_abbrev  0x000018d2      0x1bd /cygdrive/c/Embedded/GNUARM/bin/../lib/gcc/arm-elf/4.1.1/../../../../arm-elf/lib/interwork/libc.a(strtol.o)
 .debug_abbrev  0x00001a8f       0x52 /cygdrive/c/Embedded/GNUARM/bin/../lib/gcc/arm-elf/4.1.1/../../../../arm-elf/lib/interwork/libc.a(ctype_.o)
 .debug_abbrev  0x00001ae1      0x157 /cygdrive/c/Embedded/GNUARM/bin/../lib/gcc/arm-elf/4.1.1/../../../../arm-elf/lib/interwork/libc.a(impure.o)

.debug_line     0x00000000     0x178d
 *(.debug_line)
 .debug_line    0x00000000       0xdd main.o
 .debug_line    0x000000dd       0xd3 eeprom.o
 .debug_line    0x000001b0      0x123 i2c.o
 .debug_line    0x000002d3       0xb7 testLedMatrix.o
 .debug_line    0x0000038a       0xd3 testLcd.o
 .debug_line    0x0000045d       0x1d testJoy.o
 .debug_line    0x0000047a       0xc5 testMotor.o
 .debug_line    0x0000053f       0x9e testRGB.o
 .debug_line    0x000005dd       0xce testI2C.o
 .debug_line    0x000006ab       0xc9 testAdc.o
 .debug_line    0x00000774       0x7c irq/irq_code.a(irq_timer1.o)
 .debug_line    0x000007f0      0x193 startup/libea_startup_thumb.a(consol.o)
 .debug_line    0x00000983       0xba startup/libea_startup_thumb.a(framework.o)
 .debug_line    0x00000a3d      0x176 pre_emptive_os/pre_emptive_os.a(kernel.o)
 .debug_line    0x00000bb3       0xbb pre_emptive_os/pre_emptive_os.a(prioqueue.o)
 .debug_line    0x00000c6e      0x109 pre_emptive_os/pre_emptive_os.a(timer.o)
 .debug_line    0x00000d77       0x97 pre_emptive_os/pre_emptive_os.a(stack_usage.o)
 .debug_line    0x00000e0e       0x8c pre_emptive_os/pre_emptive_os.a(a7hal.o)
 .debug_line    0x00000e9a       0xd9 pre_emptive_os/pre_emptive_os.a(count_sem.o)
 .debug_line    0x00000f73       0xaf pre_emptive_os/pre_emptive_os.a(event.o)
 .debug_line    0x00001022       0x84 /cygdrive/c/Embedded/GNUARM/bin/../lib/gcc/arm-elf/4.1.1/interwork/libgcc.a(_udivsi3.o)
 .debug_line    0x000010a6       0x90 /cygdrive/c/Embedded/GNUARM/bin/../lib/gcc/arm-elf/4.1.1/interwork/libgcc.a(_divsi3.o)
 .debug_line    0x00001136       0x6e /cygdrive/c/Embedded/GNUARM/bin/../lib/gcc/arm-elf/4.1.1/interwork/libgcc.a(_umodsi3.o)
 .debug_line    0x000011a4       0x5d /cygdrive/c/Embedded/GNUARM/bin/../lib/gcc/arm-elf/4.1.1/interwork/libgcc.a(_dvmd_tls.o)
 .debug_line    0x00001201       0x6b /cygdrive/c/Embedded/GNUARM/bin/../lib/gcc/arm-elf/4.1.1/interwork/libgcc.a(_call_via_rX.o)
 .debug_line    0x0000126c       0xf9 /cygdrive/c/Embedded/GNUARM/bin/../lib/gcc/arm-elf/4.1.1/../../../../arm-elf/lib/interwork/libc.a(atoi.o)
 .debug_line    0x00001365       0xc8 /cygdrive/c/Embedded/GNUARM/bin/../lib/gcc/arm-elf/4.1.1/../../../../arm-elf/lib/interwork/libc.a(memcpy.o)
 .debug_line    0x0000142d       0xaf /cygdrive/c/Embedded/GNUARM/bin/../lib/gcc/arm-elf/4.1.1/../../../../arm-elf/lib/interwork/libc.a(strlen.o)
 .debug_line    0x000014dc      0x173 /cygdrive/c/Embedded/GNUARM/bin/../lib/gcc/arm-elf/4.1.1/../../../../arm-elf/lib/interwork/libc.a(strtol.o)
 .debug_line    0x0000164f       0x5b /cygdrive/c/Embedded/GNUARM/bin/../lib/gcc/arm-elf/4.1.1/../../../../arm-elf/lib/interwork/libc.a(ctype_.o)
 .debug_line    0x000016aa       0xe3 /cygdrive/c/Embedded/GNUARM/bin/../lib/gcc/arm-elf/4.1.1/../../../../arm-elf/lib/interwork/libc.a(impure.o)

.debug_frame    0x00000000      0xd30
 *(.debug_frame)
 .debug_frame   0x00000000       0xc8 main.o
 .debug_frame   0x000000c8       0x84 eeprom.o
 .debug_frame   0x0000014c      0x108 i2c.o
 .debug_frame   0x00000254       0x50 testLedMatrix.o
 .debug_frame   0x000002a4       0x7c testLcd.o
 .debug_frame   0x00000320       0x48 testMotor.o
 .debug_frame   0x00000368       0x2c testRGB.o
 .debug_frame   0x00000394       0x50 testI2C.o
 .debug_frame   0x000003e4       0x48 testAdc.o
 .debug_frame   0x0000042c       0x3c irq/irq_code.a(irq_timer1.o)
 .debug_frame   0x00000468      0x150 startup/libea_startup_thumb.a(consol.o)
 .debug_frame   0x000005b8       0xe0 startup/libea_startup_thumb.a(framework.o)
 .debug_frame   0x00000698      0x1e8 pre_emptive_os/pre_emptive_os.a(kernel.o)
 .debug_frame   0x00000880       0x8c pre_emptive_os/pre_emptive_os.a(prioqueue.o)
 .debug_frame   0x0000090c       0xb8 pre_emptive_os/pre_emptive_os.a(timer.o)
 .debug_frame   0x000009c4       0x58 pre_emptive_os/pre_emptive_os.a(stack_usage.o)
 .debug_frame   0x00000a1c       0xa0 pre_emptive_os/pre_emptive_os.a(a7hal.o)
 .debug_frame   0x00000abc       0x84 pre_emptive_os/pre_emptive_os.a(count_sem.o)
 .debug_frame   0x00000b40       0x94 pre_emptive_os/pre_emptive_os.a(event.o)
 .debug_frame   0x00000bd4       0x2c /cygdrive/c/Embedded/GNUARM/bin/../lib/gcc/arm-elf/4.1.1/interwork/libgcc.a(_udivsi3.o)
 .debug_frame   0x00000c00       0x2c /cygdrive/c/Embedded/GNUARM/bin/../lib/gcc/arm-elf/4.1.1/interwork/libgcc.a(_divsi3.o)
 .debug_frame   0x00000c2c       0x2c /cygdrive/c/Embedded/GNUARM/bin/../lib/gcc/arm-elf/4.1.1/interwork/libgcc.a(_umodsi3.o)
 .debug_frame   0x00000c58       0x40 /cygdrive/c/Embedded/GNUARM/bin/../lib/gcc/arm-elf/4.1.1/../../../../arm-elf/lib/interwork/libc.a(atoi.o)
 .debug_frame   0x00000c98       0x28 /cygdrive/c/Embedded/GNUARM/bin/../lib/gcc/arm-elf/4.1.1/../../../../arm-elf/lib/interwork/libc.a(memcpy.o)
 .debug_frame   0x00000cc0       0x20 /cygdrive/c/Embedded/GNUARM/bin/../lib/gcc/arm-elf/4.1.1/../../../../arm-elf/lib/interwork/libc.a(strlen.o)
 .debug_frame   0x00000ce0       0x50 /cygdrive/c/Embedded/GNUARM/bin/../lib/gcc/arm-elf/4.1.1/../../../../arm-elf/lib/interwork/libc.a(strtol.o)

.debug_str      0x00000000     0x151a
 *(.debug_str)
 .debug_str     0x00000000      0x128 main.o
                                0x153 (size before relaxing)
 .debug_str     0x00000128       0xba eeprom.o
                                0x10f (size before relaxing)
 .debug_str     0x000001e2       0x95 i2c.o
                                0x14c (size before relaxing)
 .debug_str     0x00000277       0x73 testLedMatrix.o
                                0x115 (size before relaxing)
 .debug_str     0x000002ea       0x63 testLcd.o
                                 0xfd (size before relaxing)
 .debug_str     0x0000034d        0xa testJoy.o
                                 0xaa (size before relaxing)
 .debug_str     0x00000357       0x4f testMotor.o
                                 0xf4 (size before relaxing)
 .debug_str     0x000003a6       0x12 testRGB.o
                                 0xd6 (size before relaxing)
 .debug_str     0x000003b8       0x87 testI2C.o
                                0x135 (size before relaxing)
 .debug_str     0x0000043f       0x4b testAdc.o
                                 0xff (size before relaxing)
 .debug_str     0x0000048a       0x86 irq/irq_code.a(irq_timer1.o)
                                 0xf5 (size before relaxing)
 .debug_str     0x00000510      0x1b3 startup/libea_startup_thumb.a(consol.o)
                                0x259 (size before relaxing)
 .debug_str     0x000006c3       0xdd startup/libea_startup_thumb.a(framework.o)
                                0x155 (size before relaxing)
 .debug_str     0x000007a0      0x2e0 pre_emptive_os/pre_emptive_os.a(kernel.o)
                                0x35e (size before relaxing)
 .debug_str     0x00000a80       0x7d pre_emptive_os/pre_emptive_os.a(prioqueue.o)
                                0x246 (size before relaxing)
 .debug_str     0x00000afd      0x10e pre_emptive_os/pre_emptive_os.a(timer.o)
                                0x2f7 (size before relaxing)
 .debug_str     0x00000c0b       0x70 pre_emptive_os/pre_emptive_os.a(stack_usage.o)
                                0x22b (size before relaxing)
 .debug_str     0x00000c7b      0x16f pre_emptive_os/pre_emptive_os.a(a7hal.o)
                                0x1dd (size before relaxing)
 .debug_str     0x00000dea       0x51 pre_emptive_os/pre_emptive_os.a(count_sem.o)
                                0x25b (size before relaxing)
 .debug_str     0x00000e3b       0x51 pre_emptive_os/pre_emptive_os.a(event.o)
                                0x265 (size before relaxing)
 .debug_str     0x00000e8c      0x409 /cygdrive/c/Embedded/GNUARM/bin/../lib/gcc/arm-elf/4.1.1/../../../../arm-elf/lib/interwork/libc.a(atoi.o)
                                0x49e (size before relaxing)
 .debug_str     0x00001295       0xaa /cygdrive/c/Embedded/GNUARM/bin/../lib/gcc/arm-elf/4.1.1/../../../../arm-elf/lib/interwork/libc.a(memcpy.o)
                                 0xd6 (size before relaxing)
 .debug_str     0x0000133f       0x56 /cygdrive/c/Embedded/GNUARM/bin/../lib/gcc/arm-elf/4.1.1/../../../../arm-elf/lib/interwork/libc.a(strlen.o)
                                0x11f (size before relaxing)
 .debug_str     0x00001395       0x78 /cygdrive/c/Embedded/GNUARM/bin/../lib/gcc/arm-elf/4.1.1/../../../../arm-elf/lib/interwork/libc.a(strtol.o)
                                0x4e0 (size before relaxing)
 .debug_str     0x0000140d       0x7b /cygdrive/c/Embedded/GNUARM/bin/../lib/gcc/arm-elf/4.1.1/../../../../arm-elf/lib/interwork/libc.a(ctype_.o)
                                 0xaa (size before relaxing)
 .debug_str     0x00001488       0x92 /cygdrive/c/Embedded/GNUARM/bin/../lib/gcc/arm-elf/4.1.1/../../../../arm-elf/lib/interwork/libc.a(impure.o)
                                0x4bc (size before relaxing)

.debug_loc      0x00000000     0x1859
 *(.debug_loc)
 .debug_loc     0x00000000      0x1cb main.o
 .debug_loc     0x000001cb      0x26a eeprom.o
 .debug_loc     0x00000435      0x406 i2c.o
 .debug_loc     0x0000083b       0x92 testLedMatrix.o
 .debug_loc     0x000008cd      0x183 testLcd.o
 .debug_loc     0x00000a50       0xc3 testMotor.o
 .debug_loc     0x00000b13       0xa2 testRGB.o
 .debug_loc     0x00000bb5       0x86 testI2C.o
 .debug_loc     0x00000c3b       0x9a testAdc.o
 .debug_loc     0x00000cd5       0x1f irq/irq_code.a(irq_timer1.o)
 .debug_loc     0x00000cf4      0x5ee startup/libea_startup_thumb.a(consol.o)
 .debug_loc     0x000012e2      0x1b2 startup/libea_startup_thumb.a(framework.o)
 .debug_loc     0x00001494       0x77 /cygdrive/c/Embedded/GNUARM/bin/../lib/gcc/arm-elf/4.1.1/../../../../arm-elf/lib/interwork/libc.a(atoi.o)
 .debug_loc     0x0000150b       0xfc /cygdrive/c/Embedded/GNUARM/bin/../lib/gcc/arm-elf/4.1.1/../../../../arm-elf/lib/interwork/libc.a(memcpy.o)
 .debug_loc     0x00001607       0x47 /cygdrive/c/Embedded/GNUARM/bin/../lib/gcc/arm-elf/4.1.1/../../../../arm-elf/lib/interwork/libc.a(strlen.o)
 .debug_loc     0x0000164e      0x20b /cygdrive/c/Embedded/GNUARM/bin/../lib/gcc/arm-elf/4.1.1/../../../../arm-elf/lib/interwork/libc.a(strtol.o)

.debug_macinfo
 *(.debug_macinfo)

.debug_weaknames
 *(.debug_weaknames)

.debug_funcnames
 *(.debug_funcnames)

.debug_typenames
 *(.debug_typenames)

.debug_varnames
 *(.debug_varnames)
OUTPUT(testprogram_lpc2148_edu.elf elf32-littlearm)

.debug_ranges   0x00000000       0x48
 .debug_ranges  0x00000000       0x18 testI2C.o
 .debug_ranges  0x00000018       0x30 testAdc.o

Cross Reference Table

Symbol                                            File
____divsi3_change_to_arm                          /cygdrive/c/Embedded/GNUARM/bin/../lib/gcc/arm-elf/4.1.1/../../../../arm-elf/lib/interwork/libc.a(impure.o)
____divsi3_from_thumb                             /cygdrive/c/Embedded/GNUARM/bin/../lib/gcc/arm-elf/4.1.1/../../../../arm-elf/lib/interwork/libc.a(impure.o)
____udivsi3_change_to_arm                         /cygdrive/c/Embedded/GNUARM/bin/../lib/gcc/arm-elf/4.1.1/../../../../arm-elf/lib/interwork/libc.a(impure.o)
____udivsi3_from_thumb                            /cygdrive/c/Embedded/GNUARM/bin/../lib/gcc/arm-elf/4.1.1/../../../../arm-elf/lib/interwork/libc.a(impure.o)
__aeabi_idiv                                      /cygdrive/c/Embedded/GNUARM/bin/../lib/gcc/arm-elf/4.1.1/interwork/libgcc.a(_divsi3.o)
__aeabi_idiv0                                     /cygdrive/c/Embedded/GNUARM/bin/../lib/gcc/arm-elf/4.1.1/interwork/libgcc.a(_dvmd_tls.o)
__aeabi_idivmod                                   /cygdrive/c/Embedded/GNUARM/bin/../lib/gcc/arm-elf/4.1.1/interwork/libgcc.a(_divsi3.o)
__aeabi_ldiv0                                     /cygdrive/c/Embedded/GNUARM/bin/../lib/gcc/arm-elf/4.1.1/interwork/libgcc.a(_dvmd_tls.o)
__aeabi_uidiv                                     /cygdrive/c/Embedded/GNUARM/bin/../lib/gcc/arm-elf/4.1.1/interwork/libgcc.a(_udivsi3.o)
__aeabi_uidivmod                                  /cygdrive/c/Embedded/GNUARM/bin/../lib/gcc/arm-elf/4.1.1/interwork/libgcc.a(_udivsi3.o)
__bss_end__                                       startup/libea_startup_thumb.a(startup.o)
__bss_start__                                     startup/libea_startup_thumb.a(startup.o)
__consolSendNumber_change_to_arm                  /cygdrive/c/Embedded/GNUARM/bin/../lib/gcc/arm-elf/4.1.1/../../../../arm-elf/lib/interwork/libc.a(impure.o)
__consolSendNumber_from_thumb                     /cygdrive/c/Embedded/GNUARM/bin/../lib/gcc/arm-elf/4.1.1/../../../../arm-elf/lib/interwork/libc.a(impure.o)
__ctxSwitchIsr_oshal_change_to_arm                /cygdrive/c/Embedded/GNUARM/bin/../lib/gcc/arm-elf/4.1.1/../../../../arm-elf/lib/interwork/libc.a(impure.o)
__ctxSwitchIsr_oshal_from_thumb                   /cygdrive/c/Embedded/GNUARM/bin/../lib/gcc/arm-elf/4.1.1/../../../../arm-elf/lib/interwork/libc.a(impure.o)
__ctxSwitch_oshal_change_to_arm                   /cygdrive/c/Embedded/GNUARM/bin/../lib/gcc/arm-elf/4.1.1/../../../../arm-elf/lib/interwork/libc.a(impure.o)
__ctxSwitch_oshal_from_thumb                      /cygdrive/c/Embedded/GNUARM/bin/../lib/gcc/arm-elf/4.1.1/../../../../arm-elf/lib/interwork/libc.a(impure.o)
__ctype_ptr                                       /cygdrive/c/Embedded/GNUARM/bin/../lib/gcc/arm-elf/4.1.1/../../../../arm-elf/lib/interwork/libc.a(ctype_.o)
                                                  /cygdrive/c/Embedded/GNUARM/bin/../lib/gcc/arm-elf/4.1.1/../../../../arm-elf/lib/interwork/libc.a(strtol.o)
__div0                                            /cygdrive/c/Embedded/GNUARM/bin/../lib/gcc/arm-elf/4.1.1/interwork/libgcc.a(_dvmd_tls.o)
                                                  /cygdrive/c/Embedded/GNUARM/bin/../lib/gcc/arm-elf/4.1.1/interwork/libgcc.a(_umodsi3.o)
                                                  /cygdrive/c/Embedded/GNUARM/bin/../lib/gcc/arm-elf/4.1.1/interwork/libgcc.a(_divsi3.o)
                                                  /cygdrive/c/Embedded/GNUARM/bin/../lib/gcc/arm-elf/4.1.1/interwork/libgcc.a(_udivsi3.o)
__divsi3                                          /cygdrive/c/Embedded/GNUARM/bin/../lib/gcc/arm-elf/4.1.1/interwork/libgcc.a(_divsi3.o)
                                                  pre_emptive_os/pre_emptive_os.a(stack_usage.o)
__eaInit_change_to_arm                            /cygdrive/c/Embedded/GNUARM/bin/../lib/gcc/arm-elf/4.1.1/../../../../arm-elf/lib/interwork/libc.a(impure.o)
__eaInit_from_thumb                               /cygdrive/c/Embedded/GNUARM/bin/../lib/gcc/arm-elf/4.1.1/../../../../arm-elf/lib/interwork/libc.a(impure.o)
__halDisableInterrupts_oshal_change_to_arm        /cygdrive/c/Embedded/GNUARM/bin/../lib/gcc/arm-elf/4.1.1/../../../../arm-elf/lib/interwork/libc.a(impure.o)
__halDisableInterrupts_oshal_from_thumb           /cygdrive/c/Embedded/GNUARM/bin/../lib/gcc/arm-elf/4.1.1/../../../../arm-elf/lib/interwork/libc.a(impure.o)
__halRestoreInterrupts_oshal_change_to_arm        /cygdrive/c/Embedded/GNUARM/bin/../lib/gcc/arm-elf/4.1.1/../../../../arm-elf/lib/interwork/libc.a(impure.o)
__halRestoreInterrupts_oshal_from_thumb           /cygdrive/c/Embedded/GNUARM/bin/../lib/gcc/arm-elf/4.1.1/../../../../arm-elf/lib/interwork/libc.a(impure.o)
__initTimer_oshal_change_to_arm                   /cygdrive/c/Embedded/GNUARM/bin/../lib/gcc/arm-elf/4.1.1/../../../../arm-elf/lib/interwork/libc.a(impure.o)
__initTimer_oshal_from_thumb                      /cygdrive/c/Embedded/GNUARM/bin/../lib/gcc/arm-elf/4.1.1/../../../../arm-elf/lib/interwork/libc.a(impure.o)
__memcpy_change_to_arm                            /cygdrive/c/Embedded/GNUARM/bin/../lib/gcc/arm-elf/4.1.1/../../../../arm-elf/lib/interwork/libc.a(impure.o)
__memcpy_from_thumb                               /cygdrive/c/Embedded/GNUARM/bin/../lib/gcc/arm-elf/4.1.1/../../../../arm-elf/lib/interwork/libc.a(impure.o)
__osISRExit_from_arm                              /cygdrive/c/Embedded/GNUARM/bin/../lib/gcc/arm-elf/4.1.1/../../../../arm-elf/lib/interwork/libc.a(impure.o)
__osTick_from_arm                                 /cygdrive/c/Embedded/GNUARM/bin/../lib/gcc/arm-elf/4.1.1/../../../../arm-elf/lib/interwork/libc.a(impure.o)
__simplePrintf_change_to_arm                      /cygdrive/c/Embedded/GNUARM/bin/../lib/gcc/arm-elf/4.1.1/../../../../arm-elf/lib/interwork/libc.a(impure.o)
__simplePrintf_from_thumb                         /cygdrive/c/Embedded/GNUARM/bin/../lib/gcc/arm-elf/4.1.1/../../../../arm-elf/lib/interwork/libc.a(impure.o)
__startHighProc_oshal_change_to_arm               /cygdrive/c/Embedded/GNUARM/bin/../lib/gcc/arm-elf/4.1.1/../../../../arm-elf/lib/interwork/libc.a(impure.o)
__startHighProc_oshal_from_thumb                  /cygdrive/c/Embedded/GNUARM/bin/../lib/gcc/arm-elf/4.1.1/../../../../arm-elf/lib/interwork/libc.a(impure.o)
__stkFrameInit_oshal_change_to_arm                /cygdrive/c/Embedded/GNUARM/bin/../lib/gcc/arm-elf/4.1.1/../../../../arm-elf/lib/interwork/libc.a(impure.o)
__stkFrameInit_oshal_from_thumb                   /cygdrive/c/Embedded/GNUARM/bin/../lib/gcc/arm-elf/4.1.1/../../../../arm-elf/lib/interwork/libc.a(impure.o)
__strlen_change_to_arm                            /cygdrive/c/Embedded/GNUARM/bin/../lib/gcc/arm-elf/4.1.1/../../../../arm-elf/lib/interwork/libc.a(impure.o)
__strlen_from_thumb                               /cygdrive/c/Embedded/GNUARM/bin/../lib/gcc/arm-elf/4.1.1/../../../../arm-elf/lib/interwork/libc.a(impure.o)
__udivsi3                                         /cygdrive/c/Embedded/GNUARM/bin/../lib/gcc/arm-elf/4.1.1/interwork/libgcc.a(_udivsi3.o)
                                                  /cygdrive/c/Embedded/GNUARM/bin/../lib/gcc/arm-elf/4.1.1/../../../../arm-elf/lib/interwork/libc.a(strtol.o)
                                                  pre_emptive_os/pre_emptive_os.a(stack_usage.o)
                                                  startup/libea_startup_thumb.a(consol.o)
__umodsi3                                         /cygdrive/c/Embedded/GNUARM/bin/../lib/gcc/arm-elf/4.1.1/interwork/libgcc.a(_umodsi3.o)
                                                  /cygdrive/c/Embedded/GNUARM/bin/../lib/gcc/arm-elf/4.1.1/../../../../arm-elf/lib/interwork/libc.a(strtol.o)
                                                  startup/libea_startup_thumb.a(consol.o)
_atoi_r                                           /cygdrive/c/Embedded/GNUARM/bin/../lib/gcc/arm-elf/4.1.1/../../../../arm-elf/lib/interwork/libc.a(atoi.o)
_call_via_fp                                      /cygdrive/c/Embedded/GNUARM/bin/../lib/gcc/arm-elf/4.1.1/interwork/libgcc.a(_call_via_rX.o)
_call_via_ip                                      /cygdrive/c/Embedded/GNUARM/bin/../lib/gcc/arm-elf/4.1.1/interwork/libgcc.a(_call_via_rX.o)
_call_via_lr                                      /cygdrive/c/Embedded/GNUARM/bin/../lib/gcc/arm-elf/4.1.1/interwork/libgcc.a(_call_via_rX.o)
_call_via_r0                                      /cygdrive/c/Embedded/GNUARM/bin/../lib/gcc/arm-elf/4.1.1/interwork/libgcc.a(_call_via_rX.o)
_call_via_r1                                      /cygdrive/c/Embedded/GNUARM/bin/../lib/gcc/arm-elf/4.1.1/interwork/libgcc.a(_call_via_rX.o)
_call_via_r2                                      /cygdrive/c/Embedded/GNUARM/bin/../lib/gcc/arm-elf/4.1.1/interwork/libgcc.a(_call_via_rX.o)
_call_via_r3                                      /cygdrive/c/Embedded/GNUARM/bin/../lib/gcc/arm-elf/4.1.1/interwork/libgcc.a(_call_via_rX.o)
_call_via_r4                                      /cygdrive/c/Embedded/GNUARM/bin/../lib/gcc/arm-elf/4.1.1/interwork/libgcc.a(_call_via_rX.o)
                                                  pre_emptive_os/pre_emptive_os.a(timer.o)
_call_via_r5                                      /cygdrive/c/Embedded/GNUARM/bin/../lib/gcc/arm-elf/4.1.1/interwork/libgcc.a(_call_via_rX.o)
_call_via_r6                                      /cygdrive/c/Embedded/GNUARM/bin/../lib/gcc/arm-elf/4.1.1/interwork/libgcc.a(_call_via_rX.o)
_call_via_r7                                      /cygdrive/c/Embedded/GNUARM/bin/../lib/gcc/arm-elf/4.1.1/interwork/libgcc.a(_call_via_rX.o)
_call_via_r8                                      /cygdrive/c/Embedded/GNUARM/bin/../lib/gcc/arm-elf/4.1.1/interwork/libgcc.a(_call_via_rX.o)
_call_via_r9                                      /cygdrive/c/Embedded/GNUARM/bin/../lib/gcc/arm-elf/4.1.1/interwork/libgcc.a(_call_via_rX.o)
_call_via_sl                                      /cygdrive/c/Embedded/GNUARM/bin/../lib/gcc/arm-elf/4.1.1/interwork/libgcc.a(_call_via_rX.o)
_call_via_sp                                      /cygdrive/c/Embedded/GNUARM/bin/../lib/gcc/arm-elf/4.1.1/interwork/libgcc.a(_call_via_rX.o)
_ctype_                                           /cygdrive/c/Embedded/GNUARM/bin/../lib/gcc/arm-elf/4.1.1/../../../../arm-elf/lib/interwork/libc.a(ctype_.o)
_data                                             startup/libea_startup_thumb.a(startup.o)
_edata                                            startup/libea_startup_thumb.a(startup.o)
_etext                                            startup/libea_startup_thumb.a(startup.o)
_global_impure_ptr                                /cygdrive/c/Embedded/GNUARM/bin/../lib/gcc/arm-elf/4.1.1/../../../../arm-elf/lib/interwork/libc.a(impure.o)
_impure_ptr                                       /cygdrive/c/Embedded/GNUARM/bin/../lib/gcc/arm-elf/4.1.1/../../../../arm-elf/lib/interwork/libc.a(impure.o)
                                                  /cygdrive/c/Embedded/GNUARM/bin/../lib/gcc/arm-elf/4.1.1/../../../../arm-elf/lib/interwork/libc.a(strtol.o)
_startup                                          startup/libea_startup_thumb.a(startup.o)
_strtol_r                                         /cygdrive/c/Embedded/GNUARM/bin/../lib/gcc/arm-elf/4.1.1/../../../../arm-elf/lib/interwork/libc.a(strtol.o)
                                                  /cygdrive/c/Embedded/GNUARM/bin/../lib/gcc/arm-elf/4.1.1/../../../../arm-elf/lib/interwork/libc.a(atoi.o)
addToPrioQueue                                    pre_emptive_os/pre_emptive_os.a(prioqueue.o)
                                                  pre_emptive_os/pre_emptive_os.a(event.o)
                                                  pre_emptive_os/pre_emptive_os.a(kernel.o)
addToRdyList                                      pre_emptive_os/pre_emptive_os.a(kernel.o)
                                                  pre_emptive_os/pre_emptive_os.a(event.o)
addToTimeList                                     pre_emptive_os/pre_emptive_os.a(kernel.o)
                                                  pre_emptive_os/pre_emptive_os.a(event.o)
appTick                                           main.o
                                                  pre_emptive_os/pre_emptive_os.a(kernel.o)
atoi                                              /cygdrive/c/Embedded/GNUARM/bin/../lib/gcc/arm-elf/4.1.1/../../../../arm-elf/lib/interwork/libc.a(atoi.o)
                                                  startup/libea_startup_thumb.a(consol.o)
checkStackLimit                                   pre_emptive_os/pre_emptive_os.a(stack_usage.o)
consolGetCh                                       startup/libea_startup_thumb.a(consol.o)
consolGetChar                                     startup/libea_startup_thumb.a(consol.o)
consolGetIntNum                                   startup/libea_startup_thumb.a(consol.o)
consolGetString                                   startup/libea_startup_thumb.a(consol.o)
consolInit                                        startup/libea_startup_thumb.a(consol.o)
                                                  startup/libea_startup_thumb.a(framework.o)
consolScanf                                       startup/libea_startup_thumb.a(consol.o)
consolSendCh                                      startup/libea_startup_thumb.a(consol.o)
consolSendChar                                    startup/libea_startup_thumb.a(consol.o)
consolSendNumber                                  startup/libea_startup_thumb.a(consol.o)
                                                  startup/libea_startup_thumb.a(framework.o)
                                                  testAdc.o
consolSendString                                  startup/libea_startup_thumb.a(consol.o)
                                                  startup/libea_startup_thumb.a(framework.o)
createStackPattern                                pre_emptive_os/pre_emptive_os.a(stack_usage.o)
                                                  pre_emptive_os/pre_emptive_os.a(kernel.o)
ctxSwitchIsr_oshal                                pre_emptive_os/pre_emptive_os.a(a7hal_a.o)
                                                  pre_emptive_os/pre_emptive_os.a(kernel.o)
ctxSwitch_oshal                                   pre_emptive_os/pre_emptive_os.a(a7hal_a.o)
                                                  pre_emptive_os/pre_emptive_os.a(kernel.o)
downArrow                                         testLedMatrix.o
eaInit                                            startup/libea_startup_thumb.a(framework.o)
                                                  main.o
eaText                                            testLedMatrix.o
eepromPageRead                                    eeprom.o
                                                  testI2C.o
eepromPoll                                        eeprom.o
                                                  testI2C.o
eepromStartRead                                   eeprom.o
eepromWrite                                       eeprom.o
                                                  testI2C.o
end                                               startup/libea_startup_thumb.a(framework.o)
eventInit                                         pre_emptive_os/pre_emptive_os.a(event.o)
                                                  pre_emptive_os/pre_emptive_os.a(count_sem.o)
eventIsEmpty                                      pre_emptive_os/pre_emptive_os.a(event.o)
                                                  pre_emptive_os/pre_emptive_os.a(count_sem.o)
eventSignal                                       pre_emptive_os/pre_emptive_os.a(event.o)
                                                  pre_emptive_os/pre_emptive_os.a(count_sem.o)
eventWait                                         pre_emptive_os/pre_emptive_os.a(event.o)
                                                  pre_emptive_os/pre_emptive_os.a(count_sem.o)
eventWaitReturn                                   pre_emptive_os/pre_emptive_os.a(event.o)
                                                  pre_emptive_os/pre_emptive_os.a(count_sem.o)
exceptionHandlerInit                              startup/libea_startup_thumb.a(framework.o)
                                                  startup/libea_startup_thumb.a(startup.o)
fillPicture                                       testLedMatrix.o
generalIRQ_oshal                                  pre_emptive_os/pre_emptive_os.a(a7hal_a.o)
                                                  pre_emptive_os/pre_emptive_os.a(a7hal.o)
getHighPrioQueue                                  pre_emptive_os/pre_emptive_os.a(prioqueue.o)
                                                  pre_emptive_os/pre_emptive_os.a(event.o)
                                                  pre_emptive_os/pre_emptive_os.a(kernel.o)
halDisableInterrupts_oshal                        pre_emptive_os/pre_emptive_os.a(a7hal.o)
                                                  pre_emptive_os/pre_emptive_os.a(count_sem.o)
                                                  pre_emptive_os/pre_emptive_os.a(timer.o)
                                                  pre_emptive_os/pre_emptive_os.a(kernel.o)
halEnableInterrupts_oshal                         pre_emptive_os/pre_emptive_os.a(a7hal.o)
halRestoreInterrupts_oshal                        pre_emptive_os/pre_emptive_os.a(a7hal.o)
                                                  pre_emptive_os/pre_emptive_os.a(count_sem.o)
                                                  pre_emptive_os/pre_emptive_os.a(timer.o)
                                                  pre_emptive_os/pre_emptive_os.a(kernel.o)
handleIRQs_oshal                                  pre_emptive_os/pre_emptive_os.a(a7hal.o)
                                                  pre_emptive_os/pre_emptive_os.a(a7hal_a.o)
i2cCheckStatus                                    i2c.o
                                                  eeprom.o
i2cGetChar                                        i2c.o
                                                  eeprom.o
i2cInit                                           i2c.o
                                                  testI2C.o
i2cMyWrite                                        i2c.o
i2cPutChar                                        i2c.o
                                                  eeprom.o
i2cRead                                           i2c.o
i2cRepeatStart                                    i2c.o
                                                  eeprom.o
i2cStart                                          i2c.o
                                                  eeprom.o
i2cStop                                           i2c.o
                                                  eeprom.o
i2cWaitTransmit                                   i2c.o
i2cWrite                                          i2c.o
i2cWriteWithWait                                  i2c.o
                                                  eeprom.o
initPrioQueue                                     pre_emptive_os/pre_emptive_os.a(prioqueue.o)
                                                  pre_emptive_os/pre_emptive_os.a(event.o)
                                                  pre_emptive_os/pre_emptive_os.a(kernel.o)
initTimer_oshal                                   pre_emptive_os/pre_emptive_os.a(a7hal.o)
                                                  pre_emptive_os/pre_emptive_os.a(kernel.o)
isEmptyPrioQueue                                  pre_emptive_os/pre_emptive_os.a(prioqueue.o)
                                                  pre_emptive_os/pre_emptive_os.a(event.o)
isrNesting                                        pre_emptive_os/pre_emptive_os.a(kernel.o)
                                                  pre_emptive_os/pre_emptive_os.a(event.o)
                                                  pre_emptive_os/pre_emptive_os.a(count_sem.o)
                                                  pre_emptive_os/pre_emptive_os.a(a7hal_a.o)
ledMatrix                                         irq/irq_code.a(irq_timer1.o)
                                                  testLedMatrix.o
leftArrow                                         testLedMatrix.o
lowLevelInit                                      startup/libea_startup_thumb.a(framework.o)
                                                  startup/libea_startup_thumb.a(startup.o)
main                                              main.o
                                                  startup/libea_startup_thumb.a(startup.o)
memcpy                                            /cygdrive/c/Embedded/GNUARM/bin/../lib/gcc/arm-elf/4.1.1/../../../../arm-elf/lib/interwork/libc.a(memcpy.o)
                                                  startup/libea_startup_thumb.a(consol.o)
                                                  testI2C.o
messageOnLCD                                      testLcd.o
                                                  main.o
osCreateProcess                                   pre_emptive_os/pre_emptive_os.a(kernel.o)
                                                  pre_emptive_os/pre_emptive_os.a(timer.o)
                                                  main.o
osCreateTimer                                     pre_emptive_os/pre_emptive_os.a(timer.o)
osDeleteProcess                                   pre_emptive_os/pre_emptive_os.a(kernel.o)
                                                  main.o
osDeleteTimer                                     pre_emptive_os/pre_emptive_os.a(timer.o)
osGetHighPrioProc                                 pre_emptive_os/pre_emptive_os.a(kernel.o)
osISREnter                                        pre_emptive_os/pre_emptive_os.a(kernel.o)
osISRExit                                         pre_emptive_os/pre_emptive_os.a(kernel.o)
                                                  pre_emptive_os/pre_emptive_os.a(a7hal_a.o)
osInit                                            pre_emptive_os/pre_emptive_os.a(kernel.o)
                                                  main.o
osInitTimers                                      pre_emptive_os/pre_emptive_os.a(timer.o)
osLockNesting                                     pre_emptive_os/pre_emptive_os.a(kernel.o)
osPid                                             pre_emptive_os/pre_emptive_os.a(kernel.o)
osResume                                          pre_emptive_os/pre_emptive_os.a(kernel.o)
osSemGive                                         pre_emptive_os/pre_emptive_os.a(count_sem.o)
                                                  pre_emptive_os/pre_emptive_os.a(timer.o)
osSemInit                                         pre_emptive_os/pre_emptive_os.a(count_sem.o)
                                                  pre_emptive_os/pre_emptive_os.a(timer.o)
osSemTake                                         pre_emptive_os/pre_emptive_os.a(count_sem.o)
                                                  pre_emptive_os/pre_emptive_os.a(timer.o)
osSemTryTake                                      pre_emptive_os/pre_emptive_os.a(count_sem.o)
osSleep                                           pre_emptive_os/pre_emptive_os.a(kernel.o)
                                                  testAdc.o
                                                  testI2C.o
                                                  testRGB.o
                                                  testMotor.o
                                                  testLcd.o
                                                  testLedMatrix.o
                                                  main.o
osStackUsage                                      pre_emptive_os/pre_emptive_os.a(stack_usage.o)
osStart                                           pre_emptive_os/pre_emptive_os.a(kernel.o)
                                                  main.o
osStartProcess                                    pre_emptive_os/pre_emptive_os.a(kernel.o)
                                                  pre_emptive_os/pre_emptive_os.a(timer.o)
                                                  main.o
osSuspend                                         pre_emptive_os/pre_emptive_os.a(kernel.o)
osTick                                            pre_emptive_os/pre_emptive_os.a(kernel.o)
                                                  pre_emptive_os/pre_emptive_os.a(a7hal.o)
pHeapEnd                                          startup/libea_startup_thumb.a(framework.o)
pHeapStart                                        startup/libea_startup_thumb.a(framework.o)
pNxtToRun                                         pre_emptive_os/pre_emptive_os.a(kernel.o)
                                                  pre_emptive_os/pre_emptive_os.a(a7hal_a.o)
pRunProc                                          pre_emptive_os/pre_emptive_os.a(kernel.o)
                                                  pre_emptive_os/pre_emptive_os.a(event.o)
                                                  pre_emptive_os/pre_emptive_os.a(a7hal_a.o)
pattern                                           testLedMatrix.o
                                                  irq/irq_code.a(irq_timer1.o)
processControlBlocks                              pre_emptive_os/pre_emptive_os.a(event.o)
                                                  pre_emptive_os/pre_emptive_os.a(stack_usage.o)
                                                  pre_emptive_os/pre_emptive_os.a(kernel.o)
rightArrow                                        testLedMatrix.o
rmvFromPrioQueue                                  pre_emptive_os/pre_emptive_os.a(prioqueue.o)
                                                  pre_emptive_os/pre_emptive_os.a(event.o)
                                                  pre_emptive_os/pre_emptive_os.a(kernel.o)
rmvFromRdyList                                    pre_emptive_os/pre_emptive_os.a(kernel.o)
                                                  pre_emptive_os/pre_emptive_os.a(event.o)
rmvFromTimeList                                   pre_emptive_os/pre_emptive_os.a(kernel.o)
                                                  pre_emptive_os/pre_emptive_os.a(event.o)
schedule                                          pre_emptive_os/pre_emptive_os.a(kernel.o)
                                                  pre_emptive_os/pre_emptive_os.a(event.o)
                                                  pre_emptive_os/pre_emptive_os.a(count_sem.o)
send_SPI                                          irq/irq_code.a(irq_timer1.o)
simplePrintf                                      startup/libea_startup_thumb.a(consol.o)
                                                  testAdc.o
                                                  testI2C.o
                                                  testMotor.o
                                                  main.o
startHighProc_oshal                               pre_emptive_os/pre_emptive_os.a(a7hal_a.o)
                                                  pre_emptive_os/pre_emptive_os.a(kernel.o)
stkFrameInit_oshal                                pre_emptive_os/pre_emptive_os.a(a7hal.o)
                                                  pre_emptive_os/pre_emptive_os.a(kernel.o)
strlen                                            /cygdrive/c/Embedded/GNUARM/bin/../lib/gcc/arm-elf/4.1.1/../../../../arm-elf/lib/interwork/libc.a(strlen.o)
                                                  startup/libea_startup_thumb.a(consol.o)
                                                  testI2C.o
strtol                                            /cygdrive/c/Embedded/GNUARM/bin/../lib/gcc/arm-elf/4.1.1/../../../../arm-elf/lib/interwork/libc.a(strtol.o)
                                                  /cygdrive/c/Embedded/GNUARM/bin/../lib/gcc/arm-elf/4.1.1/../../../../arm-elf/lib/interwork/libc.a(atoi.o)
testAdc                                           testAdc.o
testEEPROM                                        testI2C.o
testI2C                                           testI2C.o
testLcd                                           testLcd.o
testLedMatrix                                     testLedMatrix.o
                                                  main.o
testMotor                                         testMotor.o
                                                  main.o
testMotor2                                        testMotor.o
testRGB                                           testRGB.o
timerIsr_oshal                                    pre_emptive_os/pre_emptive_os.a(a7hal.o)
timerTick                                         pre_emptive_os/pre_emptive_os.a(timer.o)
                                                  pre_emptive_os/pre_emptive_os.a(kernel.o)
upArrow                                           testLedMatrix.o
